C:\projects\KRBO-02-16\Denisov\Lab1\Logical\Global.typ
C:\projects\KRBO-02-16\Denisov\Lab1\Logical\Global.var
C:\projects\KRBO-02-16\Denisov\Lab1\Logical\Libraries\operator\operator.fun
C:\projects\KRBO-02-16\Denisov\Lab1\Logical\Libraries\operator\operator.typ
C:\projects\KRBO-02-16\Denisov\Lab1\Logical\Libraries\operator\operator.var
C:\projects\KRBO-02-16\Denisov\Lab1\Logical\Libraries\runtime\runtime.fun
C:\projects\KRBO-02-16\Denisov\Lab1\Logical\Libraries\runtime\runtime.typ
C:\projects\KRBO-02-16\Denisov\Lab1\Logical\Libraries\runtime\runtime.var
C:\projects\KRBO-02-16\Denisov\Lab1\Logical\Libraries\astime\astime.fun
C:\projects\KRBO-02-16\Denisov\Lab1\Logical\Libraries\astime\astime.typ
C:\projects\KRBO-02-16\Denisov\Lab1\Logical\Libraries\astime\astime.var
C:\projects\KRBO-02-16\Denisov\Lab1\Logical\Libraries\AsIecCon\AsIecCon.fun
C:\projects\KRBO-02-16\Denisov\Lab1\Logical\Libraries\AsIecCon\AsIecCon.typ
C:\projects\KRBO-02-16\Denisov\Lab1\Logical\Libraries\AsIecCon\AsIecCon.var
C:\projects\KRBO-02-16\Denisov\Lab1\Logical\Libraries\MotorCtrl\Types.typ
C:\projects\KRBO-02-16\Denisov\Lab1\Logical\Libraries\MotorCtrl\Constants.var
C:\projects\KRBO-02-16\Denisov\Lab1\Logical\Libraries\MotorCtrl\MotorCtrl.fun
